[backblue.gif]
[fade.gif]
[index.html]
[www.denebtalents.org/index.html]
[use.typekit.net/ik/sJQhFBD0T-C--By51doxw-KviA-Go1FQapWajL2SZ1bfeGMIfFHN4UJLFRbh52jhWDjUwRsqjDJt5eZcFQ9hFh93Ze9uZR9kZs7sMkG0jAFu-WsoShFGZAsude80ZkoRdhXCHKoyjamTiY8Djhy8ZYmC-Ao1Oco8if37OcBDO]
[assets.squarespace.com/@sqs/polyfiller/1.6/legacy.js]
[assets.squarespace.com/@sqs/polyfiller/1.6/modern.js]
[assets.squarespace.com/universal/scripts-compressed/extract-css-runtime-c9ea572624ccd4964c26-min.en-US.js]
[assets.squarespace.com/universal/scripts-compressed/extract-css-moment-js-vendor-675f9459672cf966ca51-min.en-US.js]
[assets.squarespace.com/universal/scripts-compressed/cldr-resource-pack-a682f7ad337741eb05d6-min.en-US.js]
[assets.squarespace.com/universal/scripts-compressed/common-vendors-stable-73b8e232ffd5b43ca99e-min.en-US.js]
[assets.squarespace.com/universal/scripts-compressed/common-vendors-e3dba6f4bd49760d9a75-min.en-US.js]
[assets.squarespace.com/universal/scripts-compressed/common-0ec4208d26f4da126f22-min.en-US.js]
[assets.squarespace.com/universal/scripts-compressed/performance-595641e15dc2776e5ea1-min.en-US.js]
[images.squarespace-cdn.com/content/v1/6124dc288ff5567e0de5f52e/9296f15e-91ba-40bc-a846-b2c53b375914/The+Talents+Raw+File-0126f7.png]
[images.squarespace-cdn.com/content/v1/6124dc288ff5567e0de5f52e/72aa112d-1fe8-4e56-9f4a-4dab5de597db/ahmad-odeh-JhqhGfX_Wd8-unsplash.jpeg]
[images.squarespace-cdn.com/content/v1/6124dc288ff5567e0de5f52e/1632259287398-GJ563T54BQBCFA2LDKJM/Montpellier.jpeg]
[images.squarespace-cdn.com/content/v1/6124dc288ff5567e0de5f52e/1653353046612-8L4D0HGUZQMMG5YQBAR4/guillaume-bolduc-9XTHF6HPrbs-unsplash.jpeg]
[images.squarespace-cdn.com/content/v1/6124dc288ff5567e0de5f52e/1629968700141-QX18P12MLEAWRPUSAZ19/master-wen-z-HK0LVQWzE-unsplash.jpeg]
[images.squarespace-cdn.com/content/v1/6124dc288ff5567e0de5f52e/1630387006364-75SLE76F0ID6U3QIFR1P/DSC_0933.jpg]
[static1.squarespace.com/static/versioned-site-css/6124dc288ff5567e0de5f52e/29/5c5a519771c10ba3470d8101/6124e21e4afce5705fca4633/1500/site.css]
[images.squarespace-cdn.com/content/v1/6124dc288ff5567e0de5f52e/1630138510345-XBYIOKXCBPCTNV2DGZV1/IMG_6292.jpg]
[images.squarespace-cdn.com/content/v1/6124dc288ff5567e0de5f52e/1630141643487-N7M5NO7DXGEPGBPZ9AAC/IMG_2655.jpeg]
[static1.squarespace.com/static/vta/5c5a519771c10ba3470d8101/versioned-assets/1706811132467-QIR6O63RE5GI9HXI9ESJ/static.css]
[static1.squarespace.com/static/vta/5c5a519771c10ba3470d8101/scripts/site-bundle.4df6f348a832dc61e261a099a8ca9b31.js]
[static1.squarespace.com/static/6124dc288ff5567e0de5f52e/t/6124e4e9300e736165b42680/1629807849670/The+Talents+Raw+File-0126f7.png]
[assets.squarespace.com/universal/images-v6/damask/error-dark.png]
[www.denebtalents.org/cart]
[assets.squarespace.com/universal/images-v6/damask/error-dark@2x.png]
[assets.squarespace.com/universal/images-v6/damask/play-button.png]
[www.denebtalents.org/rsidences-residencies]
[assets.squarespace.com/universal/images-v6/damask/play-button@2x.png]
[www.denebtalents.org/cross]
[assets.squarespace.com/universal/images-v6/damask/edit-aviary-light.png]
[assets.squarespace.com/universal/images-v6/damask/edit-aviary-light@2x.png]
[www.denebtalents.org/territories]
[assets.squarespace.com/universal/images-v6/damask/edit-info-light.png]
[assets.squarespace.com/universal/images-v6/damask/edit-info-light@2x.png]
[www.denebtalents.org/incubation]
[assets.squarespace.com/universal/images-v6/damask/trash-9-light.png]
[assets.squarespace.com/universal/images-v6/damask/trash-9-light@2x.png]
[www.denebtalents.org/projets-projects]
[assets.squarespace.com/universal/images-v6/damask/trash-9-red.png]
[assets.squarespace.com/universal/images-v6/damask/trash-9-red@2x.png]
[assets.squarespace.com/universal/images-v6/damask/getty-16-light.png]
[assets.squarespace.com/universal/images-v6/damask/getty-32-light.png]
[assets.squarespace.com/universal/images-v6/damask/shopping-cart-16-light.png]
[assets.squarespace.com/universal/images-v6/damask/shopping-cart-32-light.png]
[assets.squarespace.com/universal/images-v6/icons/icon-video-24-light-solid.png]
[assets.squarespace.com/universal/images-v6/standard/icon_close_7_light.png]
[assets.squarespace.com/universal/scripts-compressed/commerce-checkout-990e90d5176054330530-min.en-US.js]
[assets.squarespace.com/universal/images-v6/icons/icon-settings-16-light.png]
[images.squarespace-cdn.com/content/v1/6124dc288ff5567e0de5f52e/1632378097391-UM1ZY1U83NXX5X6V8W1J/6.+Agne%CC%80s.jpg]
[images.squarespace-cdn.com/content/v1/6124dc288ff5567e0de5f52e/1632358401504-VDIH9SYSL0BSJ4NRFFTN/33+-+Domaine+Tarbouriech+-+Marseillan+France+-+Integrated+communication+creative+and+PR+se]
[images.squarespace-cdn.com/content/v1/6124dc288ff5567e0de5f52e/1632378484960-4GK7D22YX441V6EWYUZ4/Elevage&lagune++(75).jpeg]
[images.squarespace-cdn.com/content/v1/6124dc288ff5567e0de5f52e/dbf4dbed-0f3a-4fe3-84e1-9ec80ed4ea84/small+village+of+Magpie,+near+the+scenic+route+138,.jpeg]
[images.squarespace-cdn.com/content/v1/6124dc288ff5567e0de5f52e/1a172b21-44e9-4aa0-86bb-e8c03b9c74b8/AdobeStock_469101227.jpeg]
[images.squarespace-cdn.com/content/v1/6124dc288ff5567e0de5f52e/756eba58-7d4b-442b-8f86-8d639e51442b/Boussole.jpeg]
[images.squarespace-cdn.com/content/v1/6124dc288ff5567e0de5f52e/3ea88e9c-b7eb-4fce-8c8d-bf109efc5432/AdobeStock_54343915.jpg]
[images.squarespace-cdn.com/content/v1/6124dc288ff5567e0de5f52e/3cc82355-9be1-45b5-96da-03dd1be9ae7c/AdobeStock_17851.jpg]
[images.squarespace-cdn.com/content/v1/6124dc288ff5567e0de5f52e/1630909214004-RX8OFJZ0BV47Y8R7A7BY/Elevage&lagune++(215).jpg]
[images.squarespace-cdn.com/content/v1/6124dc288ff5567e0de5f52e/1630911280800-2RZJ45VEZ4K9RTJB6ZIY/666ce349-d23e-4121-8152-414c7e907139.JPG]
[images.squarespace-cdn.com/content/v1/6124dc288ff5567e0de5f52e/1630911206460-IZ90BKQDGOS26HBLT867/tempImageYdqeaU.gif]
[images.squarespace-cdn.com/content/v1/6124dc288ff5567e0de5f52e/1630907800542-2D3EKUCKBJW4EUEQ369B/tempImageigxKKE.jpg]
[images.squarespace-cdn.com/content/v1/6124dc288ff5567e0de5f52e/1630907396893-QXGJV9824LX0W36UZTAD/tempImageHIVamH.gif]
[images.squarespace-cdn.com/content/v1/6124dc288ff5567e0de5f52e/1630907645433-A74HEQ2KQNGNWKHX7L7S/tempImage3Ildgl.gif]
[images.squarespace-cdn.com/content/v1/6124dc288ff5567e0de5f52e/1632259287398-GJ563T54BQBCFA2LDKJM/Montpellier.jpeg]
[static1.squarespace.com/universal/images-v6/icons/block-indicator-dark.png]
[static1.squarespace.com/universal/images-v6/icons/block-indicator-dark@2x.png]
[static1.squarespace.com/universal/images-v6/icons/opentable-icons.png]
[static1.squarespace.com/universal/images-v6/icons/icon-searchqueries-20-dark.png]
[static1.squarespace.com/universal/images-v6/icons/icon-searchqueries-20-light.png]
[images.squarespace-cdn.com/content/v1/6124dc288ff5567e0de5f52e/1630911206460-IZ90BKQDGOS26HBLT867/tempImageYdqeaU.gif]
[images.squarespace-cdn.com/content/v1/6124dc288ff5567e0de5f52e/1630907396893-QXGJV9824LX0W36UZTAD/tempImageHIVamH.gif]
[images.squarespace-cdn.com/content/v1/6124dc288ff5567e0de5f52e/1630907645433-A74HEQ2KQNGNWKHX7L7S/tempImage3Ildgl.gif]
[assets.squarespace.com/universal/scripts-compressed/commerce-checkout-990e90d5176054330530-min.en-US.js]
